
> terra-ai-frontend@0.1.0 build
> next build

  Γû▓ Next.js 14.2.16

   Creating an optimized production build ...
node.exe : Failed to 
compile.
At C:\Program 
Files\nodejs\npm.ps1:29 
char:3
+   & $NODE_EXE 
$NPM_CLI_JS $args
+   ~~~~~~~~~~~~~~~~~~~~~~
~~~~~~~
    + CategoryInfo        
      : NotSpecified: (F  
  ailed to compile.:Str   
 ing) [], RemoteExcept    
ion
    + FullyQualifiedError 
   Id : NativeCommandErr  
  or
 

src\app\layout.tsx
An error occurred in 
`next/font`.

Error: Cannot find module 
'autoprefixer'
Require stack:
- D:\TERRA-AI\frontend\nod
e_modules\next\dist\build\
webpack\config\blocks\css\
plugins.js
- D:\TERRA-AI\frontend\nod
e_modules\next\dist\build\
webpack\config\blocks\css\
index.js
- D:\TERRA-AI\frontend\nod
e_modules\next\dist\build\
webpack\config\index.js
- D:\TERRA-AI\frontend\nod
e_modules\next\dist\build\
webpack-config.js
- D:\TERRA-AI\frontend\nod
e_modules\next\dist\build\
webpack-build\impl.js
- D:\TERRA-AI\frontend\nod
e_modules\next\dist\compil
ed\jest-worker\processChil
d.js
    at 
Function.<anonymous> (node
:internal/modules/cjs/load
er:1401:15)
    at D:\TERRA-AI\fronten
d\node_modules\next\dist\s
erver\require-hook.js:55:3
6
    at Function.resolve (n
ode:internal/modules/helpe
rs:145:19)
    at loadPlugin (D:\TERR
A-AI\frontend\node_modules
\next\dist\build\webpack\c
onfig\blocks\css\plugins.j
s:49:32)
    at D:\TERRA-AI\fronten
d\node_modules\next\dist\b
uild\webpack\config\blocks
\css\plugins.js:157:56
    at Array.map 
(<anonymous>)
    at getPostCssPlugins (
D:\TERRA-AI\frontend\node_
modules\next\dist\build\we
bpack\config\blocks\css\pl
ugins.js:157:47)
    at async D:\TERRA-AI\f
rontend\node_modules\next\
dist\build\webpack\config\
blocks\css\index.js:124:36
    at async D:\TERRA-AI\f
rontend\node_modules\next\
dist\build\webpack\loaders
\next-font-loader\index.js
:86:33
    at async 
Span.traceAsyncFn (D:\TERR
A-AI\frontend\node_modules
\next\dist\trace\trace.js:
154:20)

src\app\layout.tsx
An error occurred in 
`next/font`.

Error: Cannot find module 
'autoprefixer'
Require stack:
- D:\TERRA-AI\frontend\nod
e_modules\next\dist\build\
webpack\config\blocks\css\
plugins.js
- D:\TERRA-AI\frontend\nod
e_modules\next\dist\build\
webpack\config\blocks\css\
index.js
- D:\TERRA-AI\frontend\nod
e_modules\next\dist\build\
webpack\config\index.js
- D:\TERRA-AI\frontend\nod
e_modules\next\dist\build\
webpack-config.js
- D:\TERRA-AI\frontend\nod
e_modules\next\dist\build\
webpack-build\impl.js
- D:\TERRA-AI\frontend\nod
e_modules\next\dist\compil
ed\jest-worker\processChil
d.js
    at 
Function.<anonymous> (node
:internal/modules/cjs/load
er:1401:15)
    at D:\TERRA-AI\fronten
d\node_modules\next\dist\s
erver\require-hook.js:55:3
6
    at Function.resolve (n
ode:internal/modules/helpe
rs:145:19)
    at loadPlugin (D:\TERR
A-AI\frontend\node_modules
\next\dist\build\webpack\c
onfig\blocks\css\plugins.j
s:49:32)
    at D:\TERRA-AI\fronten
d\node_modules\next\dist\b
uild\webpack\config\blocks
\css\plugins.js:157:56
    at Array.map 
(<anonymous>)
    at getPostCssPlugins (
D:\TERRA-AI\frontend\node_
modules\next\dist\build\we
bpack\config\blocks\css\pl
ugins.js:157:47)
    at async D:\TERRA-AI\f
rontend\node_modules\next\
dist\build\webpack\config\
blocks\css\index.js:124:36
    at async D:\TERRA-AI\f
rontend\node_modules\next\
dist\build\webpack\loaders
\next-font-loader\index.js
:86:33
    at async 
Span.traceAsyncFn (D:\TERR
A-AI\frontend\node_modules
\next\dist\trace\trace.js:
154:20)


> Build failed because of 
webpack errors
